2015-08-04 21:16:27,289 [142] INET.Services.DocumentService.SetEligibility(c:\Users\AgusQuiroga\WorkspaceIndigo\Me_Apps\INET\INET.Services\Services\DocumentService.cs:322) - System.NullReferenceException: Referencia a objeto no establecida como instancia de un objeto.
   en INET.Services.DocumentService.SetEligibility(Int32 dictumId, Int32 statusId, String externalNumber, String externalEntity) en c:\Users\AgusQuiroga\WorkspaceIndigo\Me_Apps\INET\INET.Services\Services\DocumentService.cs:línea 312

2015-09-17 15:55:41,920 [6] INET.Services.DocumentService.SetShipDate(c:\Users\AgusQuiroga\WorkspaceIndigo\Me_Apps\INET\INET.Services\Services\DocumentService.cs:718) - System.InvalidOperationException: La secuencia no contiene elementos
   en System.Linq.Enumerable.First[TSource](IEnumerable`1 source)
   en System.Data.Entity.Core.Objects.ELinq.ObjectQueryProvider.<GetElementFunction>b__0[TResult](IEnumerable`1 sequence)
   en System.Data.Entity.Core.Objects.ELinq.ObjectQueryProvider.ExecuteSingle[TResult](IEnumerable`1 query, Expression queryRoot)
   en System.Data.Entity.Core.Objects.ELinq.ObjectQueryProvider.System.Linq.IQueryProvider.Execute[TResult](Expression expression)
   en System.Data.Entity.Internal.Linq.DbQueryProvider.Execute[TResult](Expression expression)
   en System.Linq.Queryable.First[TSource](IQueryable`1 source)
   en INET.Services.DocumentService.SetShipDate(Int32 resolutionId, Nullable`1 shipDate) en c:\Users\AgusQuiroga\WorkspaceIndigo\Me_Apps\INET\INET.Services\Services\DocumentService.cs:línea 702

2015-09-17 15:55:56,371 [50] INET.Services.DocumentService.SetShipDate(c:\Users\AgusQuiroga\WorkspaceIndigo\Me_Apps\INET\INET.Services\Services\DocumentService.cs:718) - System.InvalidOperationException: La secuencia no contiene elementos
   en System.Linq.Enumerable.First[TSource](IEnumerable`1 source)
   en System.Data.Entity.Core.Objects.ELinq.ObjectQueryProvider.<GetElementFunction>b__0[TResult](IEnumerable`1 sequence)
   en System.Data.Entity.Core.Objects.ELinq.ObjectQueryProvider.ExecuteSingle[TResult](IEnumerable`1 query, Expression queryRoot)
   en System.Data.Entity.Core.Objects.ELinq.ObjectQueryProvider.System.Linq.IQueryProvider.Execute[TResult](Expression expression)
   en System.Data.Entity.Internal.Linq.DbQueryProvider.Execute[TResult](Expression expression)
   en System.Linq.Queryable.First[TSource](IQueryable`1 source)
   en INET.Services.DocumentService.SetShipDate(Int32 resolutionId, Nullable`1 shipDate) en c:\Users\AgusQuiroga\WorkspaceIndigo\Me_Apps\INET\INET.Services\Services\DocumentService.cs:línea 702

2015-10-08 11:12:55,183 [18] INET.Services.DocumentService.EmitDictum(c:\Users\AgusQuiroga\WorkspaceIndigo\Me_Apps\INET\INET.Services\Services\DocumentService.cs:261) - System.InvalidOperationException: El objeto que acepta valores Null debe tener un valor.
   en System.ThrowHelper.ThrowInvalidOperationException(ExceptionResource resource)
   en System.Nullable`1.get_Value()
   en INET.Services.DocumentService.EmitDictum(Int32 dictumId, String content, String application_path) en c:\Users\AgusQuiroga\WorkspaceIndigo\Me_Apps\INET\INET.Services\Services\DocumentService.cs:línea 248

2015-10-08 11:16:05,863 [25] INET.Services.DocumentService.EmitDictum(c:\Users\AgusQuiroga\WorkspaceIndigo\Me_Apps\INET\INET.Services\Services\DocumentService.cs:261) - System.InvalidOperationException: El objeto que acepta valores Null debe tener un valor.
   en System.ThrowHelper.ThrowInvalidOperationException(ExceptionResource resource)
   en System.Nullable`1.get_Value()
   en INET.Services.DocumentService.EmitDictum(Int32 dictumId, String content, String application_path) en c:\Users\AgusQuiroga\WorkspaceIndigo\Me_Apps\INET\INET.Services\Services\DocumentService.cs:línea 248

2015-10-08 11:18:48,546 [6] INET.Services.DocumentService.EmitDictum(c:\Users\AgusQuiroga\WorkspaceIndigo\Me_Apps\INET\INET.Services\Services\DocumentService.cs:261) - System.InvalidOperationException: El objeto que acepta valores Null debe tener un valor.
   en System.ThrowHelper.ThrowInvalidOperationException(ExceptionResource resource)
   en System.Nullable`1.get_Value()
   en INET.Services.DocumentService.EmitDictum(Int32 dictumId, String content, String application_path) en c:\Users\AgusQuiroga\WorkspaceIndigo\Me_Apps\INET\INET.Services\Services\DocumentService.cs:línea 248

2016-08-04 22:12:29,206 [3] INET.Services.DocumentService.SetShipDate(C:\Users\AgusQuiroga\WorkspaceIndigo\Me_Apps\INET\INET.Services\Services\DocumentService.cs:736) - System.InvalidOperationException: La secuencia no contiene elementos
   en System.Linq.Enumerable.First[TSource](IEnumerable`1 source)
   en System.Data.Entity.Core.Objects.ELinq.ObjectQueryProvider.<GetElementFunction>b__0[TResult](IEnumerable`1 sequence)
   en System.Data.Entity.Core.Objects.ELinq.ObjectQueryProvider.ExecuteSingle[TResult](IEnumerable`1 query, Expression queryRoot)
   en System.Data.Entity.Core.Objects.ELinq.ObjectQueryProvider.System.Linq.IQueryProvider.Execute[TResult](Expression expression)
   en System.Data.Entity.Internal.Linq.DbQueryProvider.Execute[TResult](Expression expression)
   en System.Linq.Queryable.First[TSource](IQueryable`1 source)
   en INET.Services.DocumentService.SetShipDate(Int32 resolutionId, Nullable`1 shipDate) en C:\Users\AgusQuiroga\WorkspaceIndigo\Me_Apps\INET\INET.Services\Services\DocumentService.cs:línea 716

2016-08-04 22:20:58,966 [6] INET.Services.DocumentService.SetShipDate(C:\Users\AgusQuiroga\WorkspaceIndigo\Me_Apps\INET\INET.Services\Services\DocumentService.cs:736) - System.InvalidOperationException: La secuencia no contiene elementos
   en System.Linq.Enumerable.First[TSource](IEnumerable`1 source)
   en System.Data.Entity.Core.Objects.ELinq.ObjectQueryProvider.<GetElementFunction>b__0[TResult](IEnumerable`1 sequence)
   en System.Data.Entity.Core.Objects.ELinq.ObjectQueryProvider.ExecuteSingle[TResult](IEnumerable`1 query, Expression queryRoot)
   en System.Data.Entity.Core.Objects.ELinq.ObjectQueryProvider.System.Linq.IQueryProvider.Execute[TResult](Expression expression)
   en System.Data.Entity.Internal.Linq.DbQueryProvider.Execute[TResult](Expression expression)
   en System.Linq.Queryable.First[TSource](IQueryable`1 source)
   en INET.Services.DocumentService.SetShipDate(Int32 resolutionId, Nullable`1 shipDate) en C:\Users\AgusQuiroga\WorkspaceIndigo\Me_Apps\INET\INET.Services\Services\DocumentService.cs:línea 716

2016-08-04 22:39:49,464 [39] INET.Services.DocumentService.SetShipDate(C:\Users\AgusQuiroga\WorkspaceIndigo\Me_Apps\INET\INET.Services\Services\DocumentService.cs:736) - System.InvalidOperationException: La secuencia no contiene elementos
   en System.Linq.Enumerable.First[TSource](IEnumerable`1 source)
   en System.Data.Entity.Core.Objects.ELinq.ObjectQueryProvider.<GetElementFunction>b__0[TResult](IEnumerable`1 sequence)
   en System.Data.Entity.Core.Objects.ELinq.ObjectQueryProvider.ExecuteSingle[TResult](IEnumerable`1 query, Expression queryRoot)
   en System.Data.Entity.Core.Objects.ELinq.ObjectQueryProvider.System.Linq.IQueryProvider.Execute[TResult](Expression expression)
   en System.Data.Entity.Internal.Linq.DbQueryProvider.Execute[TResult](Expression expression)
   en System.Linq.Queryable.First[TSource](IQueryable`1 source)
   en INET.Services.DocumentService.SetShipDate(Int32 resolutionId, Nullable`1 shipDate) en C:\Users\AgusQuiroga\WorkspaceIndigo\Me_Apps\INET\INET.Services\Services\DocumentService.cs:línea 716

2016-08-04 22:41:20,060 [46] INET.Services.DocumentService.SetShipDate(C:\Users\AgusQuiroga\WorkspaceIndigo\Me_Apps\INET\INET.Services\Services\DocumentService.cs:736) - System.InvalidOperationException: La secuencia no contiene elementos
   en System.Linq.Enumerable.First[TSource](IEnumerable`1 source)
   en System.Data.Entity.Core.Objects.ELinq.ObjectQueryProvider.<GetElementFunction>b__0[TResult](IEnumerable`1 sequence)
   en System.Data.Entity.Core.Objects.ELinq.ObjectQueryProvider.ExecuteSingle[TResult](IEnumerable`1 query, Expression queryRoot)
   en System.Data.Entity.Core.Objects.ELinq.ObjectQueryProvider.System.Linq.IQueryProvider.Execute[TResult](Expression expression)
   en System.Data.Entity.Internal.Linq.DbQueryProvider.Execute[TResult](Expression expression)
   en System.Linq.Queryable.First[TSource](IQueryable`1 source)
   en INET.Services.DocumentService.SetShipDate(Int32 resolutionId, Nullable`1 shipDate) en C:\Users\AgusQuiroga\WorkspaceIndigo\Me_Apps\INET\INET.Services\Services\DocumentService.cs:línea 716

2016-08-05 10:51:44,301 [18] INET.Services.DocumentService.EmitResolution(C:\Users\AgusQuiroga\WorkspaceIndigo\Me_Apps\INET\INET.Services\Services\DocumentService.cs:612) - System.InvalidOperationException: El objeto que acepta valores Null debe tener un valor.
   en System.ThrowHelper.ThrowInvalidOperationException(ExceptionResource resource)
   en System.Nullable`1.get_Value()
   en INET.Services.DocumentService.EmitResolution(Int32 resolutionId, String content, List`1 documentVariables, String application_path) en C:\Users\AgusQuiroga\WorkspaceIndigo\Me_Apps\INET\INET.Services\Services\DocumentService.cs:línea 593

2016-08-05 11:04:06,984 [42] INET.Services.DocumentService.EmitResolution(C:\Users\AgusQuiroga\WorkspaceIndigo\Me_Apps\INET\INET.Services\Services\DocumentService.cs:618) - System.InvalidOperationException: El objeto que acepta valores Null debe tener un valor.
   en System.ThrowHelper.ThrowInvalidOperationException(ExceptionResource resource)
   en System.Nullable`1.get_Value()
   en INET.Services.DocumentService.EmitResolution(Int32 resolutionId, String content, List`1 documentVariables, String application_path) en C:\Users\AgusQuiroga\WorkspaceIndigo\Me_Apps\INET\INET.Services\Services\DocumentService.cs:línea 599

2016-08-05 11:04:17,954 [6] INET.Services.DocumentService.EmitResolution(C:\Users\AgusQuiroga\WorkspaceIndigo\Me_Apps\INET\INET.Services\Services\DocumentService.cs:618) - System.InvalidOperationException: El objeto que acepta valores Null debe tener un valor.
   en System.ThrowHelper.ThrowInvalidOperationException(ExceptionResource resource)
   en System.Nullable`1.get_Value()
   en INET.Services.DocumentService.EmitResolution(Int32 resolutionId, String content, List`1 documentVariables, String application_path) en C:\Users\AgusQuiroga\WorkspaceIndigo\Me_Apps\INET\INET.Services\Services\DocumentService.cs:línea 599

2018-11-29 17:55:11,630 [87] INET.Services.DocumentService.SaveSignedDictumFile(C:\Users\AgusQuiroga\WorkspaceIndigo\Me_Apps\INET\INET.Services\Services\DocumentService.cs:356) - System.NullReferenceException: Referencia a objeto no establecida como instancia de un objeto.
   en INET.Services.DocumentService.SaveSignedDictumFile(Int32 dictumId, HttpPostedFileBase signedDocument) en C:\Users\AgusQuiroga\WorkspaceIndigo\Me_Apps\INET\INET.Services\Services\DocumentService.cs:línea 356

2018-11-29 17:57:15,330 [73] INET.Services.DocumentService.SaveSignedDictumFile(C:\Users\AgusQuiroga\WorkspaceIndigo\Me_Apps\INET\INET.Services\Services\DocumentService.cs:356) - System.NullReferenceException: Referencia a objeto no establecida como instancia de un objeto.
   en INET.Services.DocumentService.SaveSignedDictumFile(Int32 dictumId, HttpPostedFileBase signedDocument) en C:\Users\AgusQuiroga\WorkspaceIndigo\Me_Apps\INET\INET.Services\Services\DocumentService.cs:línea 356

2018-11-29 17:58:40,734 [82] INET.Services.DocumentService.SaveSignedDictumFile(C:\Users\AgusQuiroga\WorkspaceIndigo\Me_Apps\INET\INET.Services\Services\DocumentService.cs:356) - System.NullReferenceException: Referencia a objeto no establecida como instancia de un objeto.
   en INET.Services.DocumentService.SaveSignedDictumFile(Int32 dictumId, HttpPostedFileBase signedDocument) en C:\Users\AgusQuiroga\WorkspaceIndigo\Me_Apps\INET\INET.Services\Services\DocumentService.cs:línea 356

2018-11-29 17:58:49,096 [87] INET.Services.DocumentService.SaveSignedDictumFile(C:\Users\AgusQuiroga\WorkspaceIndigo\Me_Apps\INET\INET.Services\Services\DocumentService.cs:356) - System.NullReferenceException: Referencia a objeto no establecida como instancia de un objeto.
   en INET.Services.DocumentService.SaveSignedDictumFile(Int32 dictumId, HttpPostedFileBase signedDocument) en C:\Users\AgusQuiroga\WorkspaceIndigo\Me_Apps\INET\INET.Services\Services\DocumentService.cs:línea 356

2018-11-29 17:58:55,824 [87] INET.Services.DocumentService.SaveSignedDictumFile(C:\Users\AgusQuiroga\WorkspaceIndigo\Me_Apps\INET\INET.Services\Services\DocumentService.cs:356) - System.NullReferenceException: Referencia a objeto no establecida como instancia de un objeto.
   en INET.Services.DocumentService.SaveSignedDictumFile(Int32 dictumId, HttpPostedFileBase signedDocument) en C:\Users\AgusQuiroga\WorkspaceIndigo\Me_Apps\INET\INET.Services\Services\DocumentService.cs:línea 356

2018-11-29 17:59:28,780 [87] INET.Services.DocumentService.SaveSignedDictumFile(C:\Users\AgusQuiroga\WorkspaceIndigo\Me_Apps\INET\INET.Services\Services\DocumentService.cs:356) - System.NullReferenceException: Referencia a objeto no establecida como instancia de un objeto.
   en INET.Services.DocumentService.SaveSignedDictumFile(Int32 dictumId, HttpPostedFileBase signedDocument) en C:\Users\AgusQuiroga\WorkspaceIndigo\Me_Apps\INET\INET.Services\Services\DocumentService.cs:línea 356

2018-11-29 17:59:44,309 [74] INET.Services.DocumentService.SaveSignedDictumFile(C:\Users\AgusQuiroga\WorkspaceIndigo\Me_Apps\INET\INET.Services\Services\DocumentService.cs:356) - System.NullReferenceException: Referencia a objeto no establecida como instancia de un objeto.
   en INET.Services.DocumentService.SaveSignedDictumFile(Int32 dictumId, HttpPostedFileBase signedDocument) en C:\Users\AgusQuiroga\WorkspaceIndigo\Me_Apps\INET\INET.Services\Services\DocumentService.cs:línea 356

2018-11-29 17:59:51,070 [85] INET.Services.DocumentService.SaveSignedDictumFile(C:\Users\AgusQuiroga\WorkspaceIndigo\Me_Apps\INET\INET.Services\Services\DocumentService.cs:356) - System.NullReferenceException: Referencia a objeto no establecida como instancia de un objeto.
   en INET.Services.DocumentService.SaveSignedDictumFile(Int32 dictumId, HttpPostedFileBase signedDocument) en C:\Users\AgusQuiroga\WorkspaceIndigo\Me_Apps\INET\INET.Services\Services\DocumentService.cs:línea 356

2018-11-29 18:00:06,753 [79] INET.Services.DocumentService.SaveSignedDictumFile(C:\Users\AgusQuiroga\WorkspaceIndigo\Me_Apps\INET\INET.Services\Services\DocumentService.cs:356) - System.NullReferenceException: Referencia a objeto no establecida como instancia de un objeto.
   en INET.Services.DocumentService.SaveSignedDictumFile(Int32 dictumId, HttpPostedFileBase signedDocument) en C:\Users\AgusQuiroga\WorkspaceIndigo\Me_Apps\INET\INET.Services\Services\DocumentService.cs:línea 356

2018-11-29 18:00:39,217 [74] INET.Services.DocumentService.SaveSignedDictumFile(C:\Users\AgusQuiroga\WorkspaceIndigo\Me_Apps\INET\INET.Services\Services\DocumentService.cs:356) - System.NullReferenceException: Referencia a objeto no establecida como instancia de un objeto.
   en INET.Services.DocumentService.SaveSignedDictumFile(Int32 dictumId, HttpPostedFileBase signedDocument) en C:\Users\AgusQuiroga\WorkspaceIndigo\Me_Apps\INET\INET.Services\Services\DocumentService.cs:línea 356

2018-11-29 18:01:13,676 [19] INET.Services.DocumentService.SaveSignedDictumFile(C:\Users\AgusQuiroga\WorkspaceIndigo\Me_Apps\INET\INET.Services\Services\DocumentService.cs:356) - System.NullReferenceException: Referencia a objeto no establecida como instancia de un objeto.
   en INET.Services.DocumentService.SaveSignedDictumFile(Int32 dictumId, HttpPostedFileBase signedDocument) en C:\Users\AgusQuiroga\WorkspaceIndigo\Me_Apps\INET\INET.Services\Services\DocumentService.cs:línea 356

2018-11-29 18:01:31,960 [83] INET.Services.DocumentService.SaveSignedDictumFile(C:\Users\AgusQuiroga\WorkspaceIndigo\Me_Apps\INET\INET.Services\Services\DocumentService.cs:356) - System.NullReferenceException: Referencia a objeto no establecida como instancia de un objeto.
   en INET.Services.DocumentService.SaveSignedDictumFile(Int32 dictumId, HttpPostedFileBase signedDocument) en C:\Users\AgusQuiroga\WorkspaceIndigo\Me_Apps\INET\INET.Services\Services\DocumentService.cs:línea 356

2018-11-29 18:11:31,804 [75] INET.Services.DocumentService.SaveSignedDictumFile(C:\Users\AgusQuiroga\WorkspaceIndigo\Me_Apps\INET\INET.Services\Services\DocumentService.cs:356) - System.NullReferenceException: Referencia a objeto no establecida como instancia de un objeto.
   en INET.Services.DocumentService.SaveSignedDictumFile(Int32 dictumId, HttpPostedFileBase signedDocument) en C:\Users\AgusQuiroga\WorkspaceIndigo\Me_Apps\INET\INET.Services\Services\DocumentService.cs:línea 356

2018-11-29 18:11:43,625 [73] INET.Services.DocumentService.SaveSignedDictumFile(C:\Users\AgusQuiroga\WorkspaceIndigo\Me_Apps\INET\INET.Services\Services\DocumentService.cs:356) - System.NullReferenceException: Referencia a objeto no establecida como instancia de un objeto.
   en INET.Services.DocumentService.SaveSignedDictumFile(Int32 dictumId, HttpPostedFileBase signedDocument) en C:\Users\AgusQuiroga\WorkspaceIndigo\Me_Apps\INET\INET.Services\Services\DocumentService.cs:línea 356

2018-11-29 18:11:55,163 [75] INET.Services.DocumentService.SaveSignedDictumFile(C:\Users\AgusQuiroga\WorkspaceIndigo\Me_Apps\INET\INET.Services\Services\DocumentService.cs:356) - System.NullReferenceException: Referencia a objeto no establecida como instancia de un objeto.
   en INET.Services.DocumentService.SaveSignedDictumFile(Int32 dictumId, HttpPostedFileBase signedDocument) en C:\Users\AgusQuiroga\WorkspaceIndigo\Me_Apps\INET\INET.Services\Services\DocumentService.cs:línea 356

2018-11-29 18:14:01,222 [74] INET.Services.DocumentService.SaveSignedDictumFile(C:\Users\AgusQuiroga\WorkspaceIndigo\Me_Apps\INET\INET.Services\Services\DocumentService.cs:356) - System.NullReferenceException: Referencia a objeto no establecida como instancia de un objeto.
   en INET.Services.DocumentService.SaveSignedDictumFile(Int32 dictumId, HttpPostedFileBase signedDocument) en C:\Users\AgusQuiroga\WorkspaceIndigo\Me_Apps\INET\INET.Services\Services\DocumentService.cs:línea 356

2018-11-29 18:14:17,803 [50] INET.Services.DocumentService.SaveSignedDictumFile(C:\Users\AgusQuiroga\WorkspaceIndigo\Me_Apps\INET\INET.Services\Services\DocumentService.cs:356) - System.NullReferenceException: Referencia a objeto no establecida como instancia de un objeto.
   en INET.Services.DocumentService.SaveSignedDictumFile(Int32 dictumId, HttpPostedFileBase signedDocument) en C:\Users\AgusQuiroga\WorkspaceIndigo\Me_Apps\INET\INET.Services\Services\DocumentService.cs:línea 356

2018-11-29 18:14:24,656 [83] INET.Services.DocumentService.SaveSignedDictumFile(C:\Users\AgusQuiroga\WorkspaceIndigo\Me_Apps\INET\INET.Services\Services\DocumentService.cs:356) - System.NullReferenceException: Referencia a objeto no establecida como instancia de un objeto.
   en INET.Services.DocumentService.SaveSignedDictumFile(Int32 dictumId, HttpPostedFileBase signedDocument) en C:\Users\AgusQuiroga\WorkspaceIndigo\Me_Apps\INET\INET.Services\Services\DocumentService.cs:línea 356

2018-11-29 18:14:35,415 [50] INET.Services.DocumentService.SaveSignedDictumFile(C:\Users\AgusQuiroga\WorkspaceIndigo\Me_Apps\INET\INET.Services\Services\DocumentService.cs:356) - System.NullReferenceException: Referencia a objeto no establecida como instancia de un objeto.
   en INET.Services.DocumentService.SaveSignedDictumFile(Int32 dictumId, HttpPostedFileBase signedDocument) en C:\Users\AgusQuiroga\WorkspaceIndigo\Me_Apps\INET\INET.Services\Services\DocumentService.cs:línea 356

2018-11-29 18:16:08,223 [25] INET.Services.DocumentService.SaveSignedDictumFile(C:\Users\AgusQuiroga\WorkspaceIndigo\Me_Apps\INET\INET.Services\Services\DocumentService.cs:356) - System.NullReferenceException: Referencia a objeto no establecida como instancia de un objeto.
   en INET.Services.DocumentService.SaveSignedDictumFile(Int32 dictumId, HttpPostedFileBase signedDocument) en C:\Users\AgusQuiroga\WorkspaceIndigo\Me_Apps\INET\INET.Services\Services\DocumentService.cs:línea 356

2018-11-29 18:16:38,862 [86] INET.Services.DocumentService.SaveSignedDictumFile(C:\Users\AgusQuiroga\WorkspaceIndigo\Me_Apps\INET\INET.Services\Services\DocumentService.cs:356) - System.NullReferenceException: Referencia a objeto no establecida como instancia de un objeto.
   en INET.Services.DocumentService.SaveSignedDictumFile(Int32 dictumId, HttpPostedFileBase signedDocument) en C:\Users\AgusQuiroga\WorkspaceIndigo\Me_Apps\INET\INET.Services\Services\DocumentService.cs:línea 356

2018-11-29 18:18:11,236 [52] INET.Services.DocumentService.SaveSignedDictumFile(C:\Users\AgusQuiroga\WorkspaceIndigo\Me_Apps\INET\INET.Services\Services\DocumentService.cs:356) - System.NullReferenceException: Referencia a objeto no establecida como instancia de un objeto.
   en INET.Services.DocumentService.SaveSignedDictumFile(Int32 dictumId, HttpPostedFileBase signedDocument) en C:\Users\AgusQuiroga\WorkspaceIndigo\Me_Apps\INET\INET.Services\Services\DocumentService.cs:línea 356

2018-11-29 18:18:19,167 [79] INET.Services.DocumentService.SaveSignedDictumFile(C:\Users\AgusQuiroga\WorkspaceIndigo\Me_Apps\INET\INET.Services\Services\DocumentService.cs:356) - System.NullReferenceException: Referencia a objeto no establecida como instancia de un objeto.
   en INET.Services.DocumentService.SaveSignedDictumFile(Int32 dictumId, HttpPostedFileBase signedDocument) en C:\Users\AgusQuiroga\WorkspaceIndigo\Me_Apps\INET\INET.Services\Services\DocumentService.cs:línea 356

2018-11-29 18:28:44,579 [88] INET.Services.DocumentService.SaveSignedDictumFile(C:\Users\AgusQuiroga\WorkspaceIndigo\Me_Apps\INET\INET.Services\Services\DocumentService.cs:356) - System.NullReferenceException: Referencia a objeto no establecida como instancia de un objeto.
   en INET.Services.DocumentService.SaveSignedDictumFile(Int32 dictumId, HttpPostedFileBase signedDocument) en C:\Users\AgusQuiroga\WorkspaceIndigo\Me_Apps\INET\INET.Services\Services\DocumentService.cs:línea 356

2018-11-29 18:29:07,110 [24] INET.Services.DocumentService.SaveSignedDictumFile(C:\Users\AgusQuiroga\WorkspaceIndigo\Me_Apps\INET\INET.Services\Services\DocumentService.cs:356) - System.NullReferenceException: Referencia a objeto no establecida como instancia de un objeto.
   en INET.Services.DocumentService.SaveSignedDictumFile(Int32 dictumId, HttpPostedFileBase signedDocument) en C:\Users\AgusQuiroga\WorkspaceIndigo\Me_Apps\INET\INET.Services\Services\DocumentService.cs:línea 356

2018-11-29 18:29:19,837 [49] INET.Services.DocumentService.SaveSignedDictumFile(C:\Users\AgusQuiroga\WorkspaceIndigo\Me_Apps\INET\INET.Services\Services\DocumentService.cs:356) - System.NullReferenceException: Referencia a objeto no establecida como instancia de un objeto.
   en INET.Services.DocumentService.SaveSignedDictumFile(Int32 dictumId, HttpPostedFileBase signedDocument) en C:\Users\AgusQuiroga\WorkspaceIndigo\Me_Apps\INET\INET.Services\Services\DocumentService.cs:línea 356

2018-11-29 18:29:35,634 [12] INET.Services.DocumentService.SaveSignedDictumFile(C:\Users\AgusQuiroga\WorkspaceIndigo\Me_Apps\INET\INET.Services\Services\DocumentService.cs:356) - System.NullReferenceException: Referencia a objeto no establecida como instancia de un objeto.
   en INET.Services.DocumentService.SaveSignedDictumFile(Int32 dictumId, HttpPostedFileBase signedDocument) en C:\Users\AgusQuiroga\WorkspaceIndigo\Me_Apps\INET\INET.Services\Services\DocumentService.cs:línea 356

2018-11-29 18:31:34,832 [27] INET.Services.DocumentService.SaveSignedDictumFile(C:\Users\AgusQuiroga\WorkspaceIndigo\Me_Apps\INET\INET.Services\Services\DocumentService.cs:356) - System.NullReferenceException: Referencia a objeto no establecida como instancia de un objeto.
   en INET.Services.DocumentService.SaveSignedDictumFile(Int32 dictumId, HttpPostedFileBase signedDocument) en C:\Users\AgusQuiroga\WorkspaceIndigo\Me_Apps\INET\INET.Services\Services\DocumentService.cs:línea 356

2018-11-29 18:31:42,408 [41] INET.Services.DocumentService.SaveSignedDictumFile(C:\Users\AgusQuiroga\WorkspaceIndigo\Me_Apps\INET\INET.Services\Services\DocumentService.cs:356) - System.NullReferenceException: Referencia a objeto no establecida como instancia de un objeto.
   en INET.Services.DocumentService.SaveSignedDictumFile(Int32 dictumId, HttpPostedFileBase signedDocument) en C:\Users\AgusQuiroga\WorkspaceIndigo\Me_Apps\INET\INET.Services\Services\DocumentService.cs:línea 356

2018-11-29 18:34:09,886 [57] INET.Services.DocumentService.SaveSignedDictumFile(C:\Users\AgusQuiroga\WorkspaceIndigo\Me_Apps\INET\INET.Services\Services\DocumentService.cs:356) - System.NullReferenceException: Referencia a objeto no establecida como instancia de un objeto.
   en INET.Services.DocumentService.SaveSignedDictumFile(Int32 dictumId, HttpPostedFileBase signedDocument) en C:\Users\AgusQuiroga\WorkspaceIndigo\Me_Apps\INET\INET.Services\Services\DocumentService.cs:línea 356

2018-11-29 18:34:15,180 [88] INET.Services.DocumentService.SaveSignedDictumFile(C:\Users\AgusQuiroga\WorkspaceIndigo\Me_Apps\INET\INET.Services\Services\DocumentService.cs:356) - System.NullReferenceException: Referencia a objeto no establecida como instancia de un objeto.
   en INET.Services.DocumentService.SaveSignedDictumFile(Int32 dictumId, HttpPostedFileBase signedDocument) en C:\Users\AgusQuiroga\WorkspaceIndigo\Me_Apps\INET\INET.Services\Services\DocumentService.cs:línea 356

2018-11-29 18:34:50,877 [20] INET.Services.DocumentService.SaveSignedDictumFile(C:\Users\AgusQuiroga\WorkspaceIndigo\Me_Apps\INET\INET.Services\Services\DocumentService.cs:356) - System.NullReferenceException: Referencia a objeto no establecida como instancia de un objeto.
   en INET.Services.DocumentService.SaveSignedDictumFile(Int32 dictumId, HttpPostedFileBase signedDocument) en C:\Users\AgusQuiroga\WorkspaceIndigo\Me_Apps\INET\INET.Services\Services\DocumentService.cs:línea 356

2018-11-29 18:35:05,694 [57] INET.Services.DocumentService.SaveSignedDictumFile(C:\Users\AgusQuiroga\WorkspaceIndigo\Me_Apps\INET\INET.Services\Services\DocumentService.cs:356) - System.NullReferenceException: Referencia a objeto no establecida como instancia de un objeto.
   en INET.Services.DocumentService.SaveSignedDictumFile(Int32 dictumId, HttpPostedFileBase signedDocument) en C:\Users\AgusQuiroga\WorkspaceIndigo\Me_Apps\INET\INET.Services\Services\DocumentService.cs:línea 356

2018-11-29 18:35:27,324 [88] INET.Services.DocumentService.SaveSignedDictumFile(C:\Users\AgusQuiroga\WorkspaceIndigo\Me_Apps\INET\INET.Services\Services\DocumentService.cs:356) - System.NullReferenceException: Referencia a objeto no establecida como instancia de un objeto.
   en INET.Services.DocumentService.SaveSignedDictumFile(Int32 dictumId, HttpPostedFileBase signedDocument) en C:\Users\AgusQuiroga\WorkspaceIndigo\Me_Apps\INET\INET.Services\Services\DocumentService.cs:línea 356

2018-11-29 18:36:02,778 [59] INET.Services.DocumentService.SaveSignedDictumFile(C:\Users\AgusQuiroga\WorkspaceIndigo\Me_Apps\INET\INET.Services\Services\DocumentService.cs:356) - System.NullReferenceException: Referencia a objeto no establecida como instancia de un objeto.
   en INET.Services.DocumentService.SaveSignedDictumFile(Int32 dictumId, HttpPostedFileBase signedDocument) en C:\Users\AgusQuiroga\WorkspaceIndigo\Me_Apps\INET\INET.Services\Services\DocumentService.cs:línea 356

2018-11-29 18:36:49,232 [27] INET.Services.DocumentService.SaveSignedDictumFile(C:\Users\AgusQuiroga\WorkspaceIndigo\Me_Apps\INET\INET.Services\Services\DocumentService.cs:356) - System.NullReferenceException: Referencia a objeto no establecida como instancia de un objeto.
   en INET.Services.DocumentService.SaveSignedDictumFile(Int32 dictumId, HttpPostedFileBase signedDocument) en C:\Users\AgusQuiroga\WorkspaceIndigo\Me_Apps\INET\INET.Services\Services\DocumentService.cs:línea 356

2018-11-29 18:37:16,539 [77] INET.Services.DocumentService.SaveSignedDictumFile(C:\Users\AgusQuiroga\WorkspaceIndigo\Me_Apps\INET\INET.Services\Services\DocumentService.cs:356) - System.NullReferenceException: Referencia a objeto no establecida como instancia de un objeto.
   en INET.Services.DocumentService.SaveSignedDictumFile(Int32 dictumId, HttpPostedFileBase signedDocument) en C:\Users\AgusQuiroga\WorkspaceIndigo\Me_Apps\INET\INET.Services\Services\DocumentService.cs:línea 356

2018-11-29 18:37:58,082 [12] INET.Services.DocumentService.SaveSignedDictumFile(C:\Users\AgusQuiroga\WorkspaceIndigo\Me_Apps\INET\INET.Services\Services\DocumentService.cs:356) - System.NullReferenceException: Referencia a objeto no establecida como instancia de un objeto.
   en INET.Services.DocumentService.SaveSignedDictumFile(Int32 dictumId, HttpPostedFileBase signedDocument) en C:\Users\AgusQuiroga\WorkspaceIndigo\Me_Apps\INET\INET.Services\Services\DocumentService.cs:línea 356

2018-11-29 18:42:42,002 [20] INET.Services.DocumentService.SaveSignedDictumFile(C:\Users\AgusQuiroga\WorkspaceIndigo\Me_Apps\INET\INET.Services\Services\DocumentService.cs:356) - System.NullReferenceException: Referencia a objeto no establecida como instancia de un objeto.
   en INET.Services.DocumentService.SaveSignedDictumFile(Int32 dictumId, HttpPostedFileBase signedDocument) en C:\Users\AgusQuiroga\WorkspaceIndigo\Me_Apps\INET\INET.Services\Services\DocumentService.cs:línea 356

2018-11-29 18:42:48,671 [57] INET.Services.DocumentService.SaveSignedDictumFile(C:\Users\AgusQuiroga\WorkspaceIndigo\Me_Apps\INET\INET.Services\Services\DocumentService.cs:356) - System.NullReferenceException: Referencia a objeto no establecida como instancia de un objeto.
   en INET.Services.DocumentService.SaveSignedDictumFile(Int32 dictumId, HttpPostedFileBase signedDocument) en C:\Users\AgusQuiroga\WorkspaceIndigo\Me_Apps\INET\INET.Services\Services\DocumentService.cs:línea 356

2018-11-29 18:42:55,167 [20] INET.Services.DocumentService.SaveSignedDictumFile(C:\Users\AgusQuiroga\WorkspaceIndigo\Me_Apps\INET\INET.Services\Services\DocumentService.cs:356) - System.NullReferenceException: Referencia a objeto no establecida como instancia de un objeto.
   en INET.Services.DocumentService.SaveSignedDictumFile(Int32 dictumId, HttpPostedFileBase signedDocument) en C:\Users\AgusQuiroga\WorkspaceIndigo\Me_Apps\INET\INET.Services\Services\DocumentService.cs:línea 356

2018-11-29 18:46:04,303 [79] INET.Services.DocumentService.SaveSignedDictumFile(C:\Users\AgusQuiroga\WorkspaceIndigo\Me_Apps\INET\INET.Services\Services\DocumentService.cs:356) - System.NullReferenceException: Referencia a objeto no establecida como instancia de un objeto.
   en INET.Services.DocumentService.SaveSignedDictumFile(Int32 dictumId, HttpPostedFileBase signedDocument) en C:\Users\AgusQuiroga\WorkspaceIndigo\Me_Apps\INET\INET.Services\Services\DocumentService.cs:línea 356

2018-11-29 18:48:18,628 [27] INET.Services.DocumentService.SaveSignedDictumFile(C:\Users\AgusQuiroga\WorkspaceIndigo\Me_Apps\INET\INET.Services\Services\DocumentService.cs:356) - System.NullReferenceException: Referencia a objeto no establecida como instancia de un objeto.
   en INET.Services.DocumentService.SaveSignedDictumFile(Int32 dictumId, HttpPostedFileBase signedDocument) en C:\Users\AgusQuiroga\WorkspaceIndigo\Me_Apps\INET\INET.Services\Services\DocumentService.cs:línea 356

